
Running phydms with the the following command:
phydms_comprehensive ./NP_test_results/ smallNPs.fasta NP_prefs.txt --ncpus -1 --dateseqs seqdates.txt --fitF3X4 --ncats 3
2016-08-15 09:46:39,731 - INFO - Beginning execution of phydms_comprehensive in directory /home/shilton/phydms_diversificationPressure/phydms/tests

2016-08-15 09:46:39,731 - INFO - Progress is being logged to ./NP_test_results/log.log

2016-08-15 09:46:39,731 - INFO - Version information:
	Time and date: Mon Aug 15 09:46:38 2016
	Platform: Linux-3.13.0-49-generic-x86_64-with-Ubuntu-14.04-trusty
	Python version: 2.7.6 (default, Mar 22 2014, 22:59:56)  [GCC 4.8.2]
	phydms version: 1.3.dev0
	Bio version: 1.67
	cython version: 0.24.1
	dms_tools version: 1.1.16
	scipy version: 0.18.0
	matplotlib version: 1.5.1

2016-08-15 09:46:39,731 - INFO - Parsed the following command-line arguments:
	randprefs = False
	omegabysite_fixsyn = False
	diffprefconc = None
	treetopology = None
	prefsfiles = ['NP_prefs.txt']
	nostringencybysite = False
	ncpus = -1
	useLog = False
	yngkp = ['M8']
	nodiffprefsbysite = False
	noavgprefs = False
	noomegabysite = False
	fitF3X4 = True
	avgrandcontrol = None
	dateseqs = seqdates.txt
	outprefix = ./NP_test_results/
	gammarates = False
	use_existing = False
	alignment = smallNPs.fasta
	ncats = 3

2016-08-15 09:46:39,731 - INFO - Checking that the alignment smallNPs.fasta is valid...
2016-08-15 09:46:39,921 - INFO - Valid alignment specifying 19 sequences of length 1494.

2016-08-15 09:46:39,921 - INFO - Will use all 4 available CPUs.

2016-08-15 09:46:39,924 - INFO - Removed the following existing files that have names that match the names of output files that will be created: ./NP_test_results/YNGKP_M0.log

2016-08-15 09:46:39,925 - INFO - Inferring topology using the YNGKP_M0 model starting from a simple neighbor joining tree. The command is: phydms smallNPs.fasta nj YNGKP_M0 ./NP_test_results/YNGKP_M0 --infertopology --ncats 3 --dateseqs seqdates.txt --omegabysite --fitF3X4 --ncpus 4
2016-08-15 10:25:16,186 - INFO - Found expected output file ./NP_test_results/YNGKP_M0.log
2016-08-15 10:25:16,186 - INFO - Found expected output file ./NP_test_results/YNGKP_M0_tree.newick
2016-08-15 10:25:16,187 - INFO - Found expected output file ./NP_test_results/YNGKP_M0_loglikelihood.txt
2016-08-15 10:25:16,187 - INFO - Found expected output file ./NP_test_results/YNGKP_M0_modelparams.txt
2016-08-15 10:25:16,187 - INFO - Found expected output file ./NP_test_results/YNGKP_M0_datedtree.newick
2016-08-15 10:25:16,187 - INFO - Found expected output file ./NP_test_results/YNGKP_M0_mrca_date.txt
2016-08-15 10:25:16,187 - INFO - Found expected output file ./NP_test_results/YNGKP_M0_omegabysite.txt
2016-08-15 10:25:16,187 - INFO - Analysis successful for YNGKP_M0

2016-08-15 10:25:16,187 - INFO - Starting analysis to optimize tree in ./NP_test_results/YNGKP_M0_tree.newick using model averaged_ExpCM_NP_prefs. The command is: phydms smallNPs.fasta ./NP_test_results/YNGKP_M0_tree.newick ExpCM_NP_prefs.txt ./NP_test_results/averaged_ExpCM_NP_prefs --ncats 3 --dateseqs seqdates.txt --omegabysite --stringencybysite --diffprefsbysite --avgprefs --ncpus 1

2016-08-15 10:25:16,187 - INFO - Starting analysis to optimize tree in ./NP_test_results/YNGKP_M0_tree.newick using model YNGKP_M8. The command is: phydms smallNPs.fasta ./NP_test_results/YNGKP_M0_tree.newick YNGKP_M8 ./NP_test_results/YNGKP_M8 --ncats 3 --dateseqs seqdates.txt --omegabysite --fitF3X4 --ncpus 1

2016-08-15 10:25:16,188 - INFO - Starting analysis to optimize tree in ./NP_test_results/YNGKP_M0_tree.newick using model ExpCM_NP_prefs. The command is: phydms smallNPs.fasta ./NP_test_results/YNGKP_M0_tree.newick ExpCM_NP_prefs.txt ./NP_test_results/ExpCM_NP_prefs --ncats 3 --dateseqs seqdates.txt --omegabysite --stringencybysite --diffprefsbysite --ncpus 1

2016-08-15 13:35:05,188 - INFO - Analysis completed for YNGKP_M8
2016-08-15 13:35:05,206 - INFO - Found expected output file ./NP_test_results/YNGKP_M8.log
2016-08-15 13:35:05,207 - INFO - Found expected output file ./NP_test_results/YNGKP_M8_tree.newick
2016-08-15 13:35:05,210 - INFO - Found expected output file ./NP_test_results/YNGKP_M8_loglikelihood.txt
2016-08-15 13:35:05,218 - INFO - Found expected output file ./NP_test_results/YNGKP_M8_modelparams.txt
2016-08-15 13:35:05,222 - INFO - Found expected output file ./NP_test_results/YNGKP_M8_datedtree.newick
2016-08-15 13:35:05,230 - INFO - Found expected output file ./NP_test_results/YNGKP_M8_mrca_date.txt
2016-08-15 13:35:05,231 - INFO - Found expected output file ./NP_test_results/YNGKP_M8_omegabysite.txt
2016-08-15 13:35:05,231 - INFO - Analysis successful for YNGKP_M8

